[INFO] Scanning for projects...
[INFO] 
[INFO] ---------------------< com.kaisrtia:auth-service >----------------------
[INFO] Building auth-service 0.0.1-SNAPSHOT
[INFO]   from pom.xml
[INFO] --------------------------------[ jar ]---------------------------------
[INFO] 
[INFO] --- clean:3.3.2:clean (default-clean) @ auth-service ---
[INFO] Deleting C:\Users\HOANG TRUNG\Desktop\Project Github\auth-service\target
[INFO] 
[INFO] --- resources:3.3.1:resources (default-resources) @ auth-service ---
[INFO] Copying 1 resource from src\main\resources to target\classes
[INFO] Copying 0 resource from src\main\resources to target\classes
[INFO] 
[INFO] --- compiler:3.11.0:compile (default-compile) @ auth-service ---
[INFO] Changes detected - recompiling the module! :source
[INFO] Compiling 18 source files with javac [debug release 17] to target\classes
[INFO] -------------------------------------------------------------
[ERROR] COMPILATION ERROR : 
[INFO] -------------------------------------------------------------
[ERROR] /C:/Users/HOANG TRUNG/Desktop/Project Github/auth-service/src/main/java/com/kaisrtia/auth_service/service/AuthenticationService.java:[32,14] illegal reference to restricted type 'var'
[ERROR] /C:/Users/HOANG TRUNG/Desktop/Project Github/auth-service/src/main/java/com/kaisrtia/auth_service/service/AuthenticationService.java:[48,53] cannot find symbol
  symbol:   method getUsername()
  location: variable request of type com.kaisrtia.auth_service.DTO.Request.AuthenticationRequest
[ERROR] /C:/Users/HOANG TRUNG/Desktop/Project Github/auth-service/src/main/java/com/kaisrtia/auth_service/service/AuthenticationService.java:[53,60] cannot find symbol
  symbol:   method getPassword()
  location: variable request of type com.kaisrtia.auth_service.DTO.Request.AuthenticationRequest
[ERROR] /C:/Users/HOANG TRUNG/Desktop/Project Github/auth-service/src/main/java/com/kaisrtia/auth_service/service/AuthenticationService.java:[60,34] cannot find symbol
  symbol:   method builder()
  location: class com.kaisrtia.auth_service.DTO.Response.AuthenticationResponse
[ERROR] /C:/Users/HOANG TRUNG/Desktop/Project Github/auth-service/src/main/java/com/kaisrtia/auth_service/service/AuthenticationService.java:[68,24] cannot find symbol
  symbol:   method getToken()
  location: variable request of type com.kaisrtia.auth_service.DTO.Request.IntrospectRequest
[ERROR] /C:/Users/HOANG TRUNG/Desktop/Project Github/auth-service/src/main/java/com/kaisrtia/auth_service/service/AuthenticationService.java:[77,30] cannot find symbol
  symbol:   method builder()
  location: class com.kaisrtia.auth_service.DTO.Response.IntrospectResponse
[ERROR] /C:/Users/HOANG TRUNG/Desktop/Project Github/auth-service/src/main/java/com/kaisrtia/auth_service/exception/GlobalExceptionHandler.java:[18,34] cannot find symbol
  symbol:   method getCode()
  location: variable errorCode of type com.kaisrtia.auth_service.exception.ErrorCode
[ERROR] /C:/Users/HOANG TRUNG/Desktop/Project Github/auth-service/src/main/java/com/kaisrtia/auth_service/exception/GlobalExceptionHandler.java:[19,16] cannot find symbol
  symbol:   method setMessage(java.lang.String)
  location: variable apiResponse of type com.kaisrtia.auth_service.DTO.Response.ApiResponse
[ERROR] /C:/Users/HOANG TRUNG/Desktop/Project Github/auth-service/src/main/java/com/kaisrtia/auth_service/exception/GlobalExceptionHandler.java:[21,43] cannot find symbol
  symbol:   method getStatusCode()
  location: variable errorCode of type com.kaisrtia.auth_service.exception.ErrorCode
[ERROR] /C:/Users/HOANG TRUNG/Desktop/Project Github/auth-service/src/main/java/com/kaisrtia/auth_service/exception/GlobalExceptionHandler.java:[37,34] cannot find symbol
  symbol:   method getCode()
  location: variable errorCode of type com.kaisrtia.auth_service.exception.ErrorCode
[ERROR] /C:/Users/HOANG TRUNG/Desktop/Project Github/auth-service/src/main/java/com/kaisrtia/auth_service/exception/GlobalExceptionHandler.java:[38,37] cannot find symbol
  symbol:   method getMessage()
  location: variable errorCode of type com.kaisrtia.auth_service.exception.ErrorCode
[ERROR] /C:/Users/HOANG TRUNG/Desktop/Project Github/auth-service/src/main/java/com/kaisrtia/auth_service/exception/GlobalExceptionHandler.java:[47,58] cannot find symbol
  symbol:   method getCode()
  location: variable UNCATEGORIZED_EXCEPTION of type com.kaisrtia.auth_service.exception.ErrorCode
[ERROR] /C:/Users/HOANG TRUNG/Desktop/Project Github/auth-service/src/main/java/com/kaisrtia/auth_service/exception/GlobalExceptionHandler.java:[48,61] cannot find symbol
  symbol:   method getMessage()
  location: variable UNCATEGORIZED_EXCEPTION of type com.kaisrtia.auth_service.exception.ErrorCode
[ERROR] /C:/Users/HOANG TRUNG/Desktop/Project Github/auth-service/src/main/java/com/kaisrtia/auth_service/exception/AppException.java:[7,20] cannot find symbol
  symbol:   method getMessage()
  location: variable errorCode of type com.kaisrtia.auth_service.exception.ErrorCode
[ERROR] /C:/Users/HOANG TRUNG/Desktop/Project Github/auth-service/src/main/java/com/kaisrtia/auth_service/exception/ErrorCode.java:[15,26] constructor ErrorCode in enum com.kaisrtia.auth_service.exception.ErrorCode cannot be applied to given types;
  required: no arguments
  found:    int,java.lang.String,org.springframework.http.HttpStatus
  reason: actual and formal argument lists differ in length
[ERROR] /C:/Users/HOANG TRUNG/Desktop/Project Github/auth-service/src/main/java/com/kaisrtia/auth_service/exception/ErrorCode.java:[16,14] constructor ErrorCode in enum com.kaisrtia.auth_service.exception.ErrorCode cannot be applied to given types;
  required: no arguments
  found:    int,java.lang.String,org.springframework.http.HttpStatus
  reason: actual and formal argument lists differ in length
[ERROR] /C:/Users/HOANG TRUNG/Desktop/Project Github/auth-service/src/main/java/com/kaisrtia/auth_service/exception/ErrorCode.java:[17,15] constructor ErrorCode in enum com.kaisrtia.auth_service.exception.ErrorCode cannot be applied to given types;
  required: no arguments
  found:    int,java.lang.String,org.springframework.http.HttpStatus
  reason: actual and formal argument lists differ in length
[ERROR] /C:/Users/HOANG TRUNG/Desktop/Project Github/auth-service/src/main/java/com/kaisrtia/auth_service/exception/ErrorCode.java:[18,19] constructor ErrorCode in enum com.kaisrtia.auth_service.exception.ErrorCode cannot be applied to given types;
  required: no arguments
  found:    int,java.lang.String,org.springframework.http.HttpStatus
  reason: actual and formal argument lists differ in length
[ERROR] /C:/Users/HOANG TRUNG/Desktop/Project Github/auth-service/src/main/java/com/kaisrtia/auth_service/exception/ErrorCode.java:[19,19] constructor ErrorCode in enum com.kaisrtia.auth_service.exception.ErrorCode cannot be applied to given types;
  required: no arguments
  found:    int,java.lang.String,org.springframework.http.HttpStatus
  reason: actual and formal argument lists differ in length
[ERROR] /C:/Users/HOANG TRUNG/Desktop/Project Github/auth-service/src/main/java/com/kaisrtia/auth_service/exception/ErrorCode.java:[20,19] constructor ErrorCode in enum com.kaisrtia.auth_service.exception.ErrorCode cannot be applied to given types;
  required: no arguments
  found:    int,java.lang.String,org.springframework.http.HttpStatus
  reason: actual and formal argument lists differ in length
[ERROR] /C:/Users/HOANG TRUNG/Desktop/Project Github/auth-service/src/main/java/com/kaisrtia/auth_service/exception/ErrorCode.java:[21,18] constructor ErrorCode in enum com.kaisrtia.auth_service.exception.ErrorCode cannot be applied to given types;
  required: no arguments
  found:    int,java.lang.String,org.springframework.http.HttpStatus
  reason: actual and formal argument lists differ in length
[ERROR] /C:/Users/HOANG TRUNG/Desktop/Project Github/auth-service/src/main/java/com/kaisrtia/auth_service/exception/ErrorCode.java:[22,15] constructor ErrorCode in enum com.kaisrtia.auth_service.exception.ErrorCode cannot be applied to given types;
  required: no arguments
  found:    int,java.lang.String,org.springframework.http.HttpStatus
  reason: actual and formal argument lists differ in length
[ERROR] /C:/Users/HOANG TRUNG/Desktop/Project Github/auth-service/src/main/java/com/kaisrtia/auth_service/controller/AuthenticationController.java:[30,23] cannot find symbol
  symbol:   method <com.kaisrtia.auth_service.DTO.Response.AuthenticationResponse>builder()
  location: class com.kaisrtia.auth_service.DTO.Response.ApiResponse
[ERROR] /C:/Users/HOANG TRUNG/Desktop/Project Github/auth-service/src/main/java/com/kaisrtia/auth_service/controller/AuthenticationController.java:[39,23] cannot find symbol
  symbol:   method <com.kaisrtia.auth_service.DTO.Response.IntrospectResponse>builder()
  location: class com.kaisrtia.auth_service.DTO.Response.ApiResponse
[ERROR] /C:/Users/HOANG TRUNG/Desktop/Project Github/auth-service/src/main/java/com/kaisrtia/auth_service/service/UserService.java:[31,29] cannot find symbol
  symbol:   method getUsername()
  location: variable request of type com.kaisrtia.auth_service.DTO.Request.UserCreationRequest
[ERROR] /C:/Users/HOANG TRUNG/Desktop/Project Github/auth-service/src/main/java/com/kaisrtia/auth_service/service/UserService.java:[32,52] cannot find symbol
  symbol:   method getPassword()
  location: variable request of type com.kaisrtia.auth_service.DTO.Request.UserCreationRequest
[ERROR] /C:/Users/HOANG TRUNG/Desktop/Project Github/auth-service/src/main/java/com/kaisrtia/auth_service/service/UserService.java:[41,30] cannot find symbol
  symbol:   method getUsername()
  location: variable user of type com.kaisrtia.auth_service.entity.User
[ERROR] /C:/Users/HOANG TRUNG/Desktop/Project Github/auth-service/src/main/java/com/kaisrtia/auth_service/service/UserService.java:[51,30] cannot find symbol
  symbol:   method getUsername()
  location: variable user of type com.kaisrtia.auth_service.entity.User
[ERROR] /C:/Users/HOANG TRUNG/Desktop/Project Github/auth-service/src/main/java/com/kaisrtia/auth_service/service/UserService.java:[61,24] cannot find symbol
  symbol:   method getUsername()
  location: variable u of type com.kaisrtia.auth_service.entity.User
[ERROR] /C:/Users/HOANG TRUNG/Desktop/Project Github/auth-service/src/main/java/com/kaisrtia/auth_service/service/UserService.java:[74,29] cannot find symbol
  symbol:   method getUsername()
  location: variable request of type com.kaisrtia.auth_service.DTO.Request.UserCreationRequest
[ERROR] /C:/Users/HOANG TRUNG/Desktop/Project Github/auth-service/src/main/java/com/kaisrtia/auth_service/service/UserService.java:[75,52] cannot find symbol
  symbol:   method getPassword()
  location: variable request of type com.kaisrtia.auth_service.DTO.Request.UserCreationRequest
[ERROR] /C:/Users/HOANG TRUNG/Desktop/Project Github/auth-service/src/main/java/com/kaisrtia/auth_service/service/UserService.java:[79,30] cannot find symbol
  symbol:   method getUsername()
  location: variable user of type com.kaisrtia.auth_service.entity.User
[ERROR] /C:/Users/HOANG TRUNG/Desktop/Project Github/auth-service/src/main/java/com/kaisrtia/auth_service/controller/UserController.java:[34,12] constructor ApiResponse in class com.kaisrtia.auth_service.DTO.Response.ApiResponse<T> cannot be applied to given types;
  required: no arguments
  found:    int,java.lang.String,com.kaisrtia.auth_service.DTO.Response.UserResponse
  reason: actual and formal argument lists differ in length
[ERROR] /C:/Users/HOANG TRUNG/Desktop/Project Github/auth-service/src/main/java/com/kaisrtia/auth_service/controller/UserController.java:[41,12] constructor ApiResponse in class com.kaisrtia.auth_service.DTO.Response.ApiResponse<T> cannot be applied to given types;
  required: no arguments
  found:    int,java.lang.String,java.util.List<com.kaisrtia.auth_service.DTO.Response.UserResponse>
  reason: actual and formal argument lists differ in length
[ERROR] /C:/Users/HOANG TRUNG/Desktop/Project Github/auth-service/src/main/java/com/kaisrtia/auth_service/controller/UserController.java:[48,12] constructor ApiResponse in class com.kaisrtia.auth_service.DTO.Response.ApiResponse<T> cannot be applied to given types;
  required: no arguments
  found:    int,java.lang.String,com.kaisrtia.auth_service.DTO.Response.UserResponse
  reason: actual and formal argument lists differ in length
[ERROR] /C:/Users/HOANG TRUNG/Desktop/Project Github/auth-service/src/main/java/com/kaisrtia/auth_service/controller/UserController.java:[56,23] cannot find symbol
  symbol:   method <java.lang.String>builder()
  location: class com.kaisrtia.auth_service.DTO.Response.ApiResponse
[INFO] 36 errors 
[INFO] -------------------------------------------------------------
[INFO] ------------------------------------------------------------------------
[INFO] BUILD FAILURE
[INFO] ------------------------------------------------------------------------
[INFO] Total time:  2.865 s
[INFO] Finished at: 2026-02-05T23:40:24+07:00
[INFO] ------------------------------------------------------------------------
[ERROR] Failed to execute goal org.apache.maven.plugins:maven-compiler-plugin:3.11.0:compile (default-compile) on project auth-service: Compilation failure: Compilation failure: 
[ERROR] /C:/Users/HOANG TRUNG/Desktop/Project Github/auth-service/src/main/java/com/kaisrtia/auth_service/service/AuthenticationService.java:[32,14] illegal reference to restricted type 'var'
[ERROR] /C:/Users/HOANG TRUNG/Desktop/Project Github/auth-service/src/main/java/com/kaisrtia/auth_service/service/AuthenticationService.java:[48,53] cannot find symbol
[ERROR]   symbol:   method getUsername()
[ERROR]   location: variable request of type com.kaisrtia.auth_service.DTO.Request.AuthenticationRequest
[ERROR] /C:/Users/HOANG TRUNG/Desktop/Project Github/auth-service/src/main/java/com/kaisrtia/auth_service/service/AuthenticationService.java:[53,60] cannot find symbol
[ERROR]   symbol:   method getPassword()
[ERROR]   location: variable request of type com.kaisrtia.auth_service.DTO.Request.AuthenticationRequest
[ERROR] /C:/Users/HOANG TRUNG/Desktop/Project Github/auth-service/src/main/java/com/kaisrtia/auth_service/service/AuthenticationService.java:[60,34] cannot find symbol
[ERROR]   symbol:   method builder()
[ERROR]   location: class com.kaisrtia.auth_service.DTO.Response.AuthenticationResponse
[ERROR] /C:/Users/HOANG TRUNG/Desktop/Project Github/auth-service/src/main/java/com/kaisrtia/auth_service/service/AuthenticationService.java:[68,24] cannot find symbol
[ERROR]   symbol:   method getToken()
[ERROR]   location: variable request of type com.kaisrtia.auth_service.DTO.Request.IntrospectRequest
[ERROR] /C:/Users/HOANG TRUNG/Desktop/Project Github/auth-service/src/main/java/com/kaisrtia/auth_service/service/AuthenticationService.java:[77,30] cannot find symbol
[ERROR]   symbol:   method builder()
[ERROR]   location: class com.kaisrtia.auth_service.DTO.Response.IntrospectResponse
[ERROR] /C:/Users/HOANG TRUNG/Desktop/Project Github/auth-service/src/main/java/com/kaisrtia/auth_service/exception/GlobalExceptionHandler.java:[18,34] cannot find symbol
[ERROR]   symbol:   method getCode()
[ERROR]   location: variable errorCode of type com.kaisrtia.auth_service.exception.ErrorCode
[ERROR] /C:/Users/HOANG TRUNG/Desktop/Project Github/auth-service/src/main/java/com/kaisrtia/auth_service/exception/GlobalExceptionHandler.java:[19,16] cannot find symbol
[ERROR]   symbol:   method setMessage(java.lang.String)
[ERROR]   location: variable apiResponse of type com.kaisrtia.auth_service.DTO.Response.ApiResponse
[ERROR] /C:/Users/HOANG TRUNG/Desktop/Project Github/auth-service/src/main/java/com/kaisrtia/auth_service/exception/GlobalExceptionHandler.java:[21,43] cannot find symbol
[ERROR]   symbol:   method getStatusCode()
[ERROR]   location: variable errorCode of type com.kaisrtia.auth_service.exception.ErrorCode
[ERROR] /C:/Users/HOANG TRUNG/Desktop/Project Github/auth-service/src/main/java/com/kaisrtia/auth_service/exception/GlobalExceptionHandler.java:[37,34] cannot find symbol
[ERROR]   symbol:   method getCode()
[ERROR]   location: variable errorCode of type com.kaisrtia.auth_service.exception.ErrorCode
[ERROR] /C:/Users/HOANG TRUNG/Desktop/Project Github/auth-service/src/main/java/com/kaisrtia/auth_service/exception/GlobalExceptionHandler.java:[38,37] cannot find symbol
[ERROR]   symbol:   method getMessage()
[ERROR]   location: variable errorCode of type com.kaisrtia.auth_service.exception.ErrorCode
[ERROR] /C:/Users/HOANG TRUNG/Desktop/Project Github/auth-service/src/main/java/com/kaisrtia/auth_service/exception/GlobalExceptionHandler.java:[47,58] cannot find symbol
[ERROR]   symbol:   method getCode()
[ERROR]   location: variable UNCATEGORIZED_EXCEPTION of type com.kaisrtia.auth_service.exception.ErrorCode
[ERROR] /C:/Users/HOANG TRUNG/Desktop/Project Github/auth-service/src/main/java/com/kaisrtia/auth_service/exception/GlobalExceptionHandler.java:[48,61] cannot find symbol
[ERROR]   symbol:   method getMessage()
[ERROR]   location: variable UNCATEGORIZED_EXCEPTION of type com.kaisrtia.auth_service.exception.ErrorCode
[ERROR] /C:/Users/HOANG TRUNG/Desktop/Project Github/auth-service/src/main/java/com/kaisrtia/auth_service/exception/AppException.java:[7,20] cannot find symbol
[ERROR]   symbol:   method getMessage()
[ERROR]   location: variable errorCode of type com.kaisrtia.auth_service.exception.ErrorCode
[ERROR] /C:/Users/HOANG TRUNG/Desktop/Project Github/auth-service/src/main/java/com/kaisrtia/auth_service/exception/ErrorCode.java:[15,26] constructor ErrorCode in enum com.kaisrtia.auth_service.exception.ErrorCode cannot be applied to given types;
[ERROR]   required: no arguments
[ERROR]   found:    int,java.lang.String,org.springframework.http.HttpStatus
[ERROR]   reason: actual and formal argument lists differ in length
[ERROR] /C:/Users/HOANG TRUNG/Desktop/Project Github/auth-service/src/main/java/com/kaisrtia/auth_service/exception/ErrorCode.java:[16,14] constructor ErrorCode in enum com.kaisrtia.auth_service.exception.ErrorCode cannot be applied to given types;
[ERROR]   required: no arguments
[ERROR]   found:    int,java.lang.String,org.springframework.http.HttpStatus
[ERROR]   reason: actual and formal argument lists differ in length
[ERROR] /C:/Users/HOANG TRUNG/Desktop/Project Github/auth-service/src/main/java/com/kaisrtia/auth_service/exception/ErrorCode.java:[17,15] constructor ErrorCode in enum com.kaisrtia.auth_service.exception.ErrorCode cannot be applied to given types;
[ERROR]   required: no arguments
[ERROR]   found:    int,java.lang.String,org.springframework.http.HttpStatus
[ERROR]   reason: actual and formal argument lists differ in length
[ERROR] /C:/Users/HOANG TRUNG/Desktop/Project Github/auth-service/src/main/java/com/kaisrtia/auth_service/exception/ErrorCode.java:[18,19] constructor ErrorCode in enum com.kaisrtia.auth_service.exception.ErrorCode cannot be applied to given types;
[ERROR]   required: no arguments
[ERROR]   found:    int,java.lang.String,org.springframework.http.HttpStatus
[ERROR]   reason: actual and formal argument lists differ in length
[ERROR] /C:/Users/HOANG TRUNG/Desktop/Project Github/auth-service/src/main/java/com/kaisrtia/auth_service/exception/ErrorCode.java:[19,19] constructor ErrorCode in enum com.kaisrtia.auth_service.exception.ErrorCode cannot be applied to given types;
[ERROR]   required: no arguments
[ERROR]   found:    int,java.lang.String,org.springframework.http.HttpStatus
[ERROR]   reason: actual and formal argument lists differ in length
[ERROR] /C:/Users/HOANG TRUNG/Desktop/Project Github/auth-service/src/main/java/com/kaisrtia/auth_service/exception/ErrorCode.java:[20,19] constructor ErrorCode in enum com.kaisrtia.auth_service.exception.ErrorCode cannot be applied to given types;
[ERROR]   required: no arguments
[ERROR]   found:    int,java.lang.String,org.springframework.http.HttpStatus
[ERROR]   reason: actual and formal argument lists differ in length
[ERROR] /C:/Users/HOANG TRUNG/Desktop/Project Github/auth-service/src/main/java/com/kaisrtia/auth_service/exception/ErrorCode.java:[21,18] constructor ErrorCode in enum com.kaisrtia.auth_service.exception.ErrorCode cannot be applied to given types;
[ERROR]   required: no arguments
[ERROR]   found:    int,java.lang.String,org.springframework.http.HttpStatus
[ERROR]   reason: actual and formal argument lists differ in length
[ERROR] /C:/Users/HOANG TRUNG/Desktop/Project Github/auth-service/src/main/java/com/kaisrtia/auth_service/exception/ErrorCode.java:[22,15] constructor ErrorCode in enum com.kaisrtia.auth_service.exception.ErrorCode cannot be applied to given types;
[ERROR]   required: no arguments
[ERROR]   found:    int,java.lang.String,org.springframework.http.HttpStatus
[ERROR]   reason: actual and formal argument lists differ in length
[ERROR] /C:/Users/HOANG TRUNG/Desktop/Project Github/auth-service/src/main/java/com/kaisrtia/auth_service/controller/AuthenticationController.java:[30,23] cannot find symbol
[ERROR]   symbol:   method <com.kaisrtia.auth_service.DTO.Response.AuthenticationResponse>builder()
[ERROR]   location: class com.kaisrtia.auth_service.DTO.Response.ApiResponse
[ERROR] /C:/Users/HOANG TRUNG/Desktop/Project Github/auth-service/src/main/java/com/kaisrtia/auth_service/controller/AuthenticationController.java:[39,23] cannot find symbol
[ERROR]   symbol:   method <com.kaisrtia.auth_service.DTO.Response.IntrospectResponse>builder()
[ERROR]   location: class com.kaisrtia.auth_service.DTO.Response.ApiResponse
[ERROR] /C:/Users/HOANG TRUNG/Desktop/Project Github/auth-service/src/main/java/com/kaisrtia/auth_service/service/UserService.java:[31,29] cannot find symbol
[ERROR]   symbol:   method getUsername()
[ERROR]   location: variable request of type com.kaisrtia.auth_service.DTO.Request.UserCreationRequest
[ERROR] /C:/Users/HOANG TRUNG/Desktop/Project Github/auth-service/src/main/java/com/kaisrtia/auth_service/service/UserService.java:[32,52] cannot find symbol
[ERROR]   symbol:   method getPassword()
[ERROR]   location: variable request of type com.kaisrtia.auth_service.DTO.Request.UserCreationRequest
[ERROR] /C:/Users/HOANG TRUNG/Desktop/Project Github/auth-service/src/main/java/com/kaisrtia/auth_service/service/UserService.java:[41,30] cannot find symbol
[ERROR]   symbol:   method getUsername()
[ERROR]   location: variable user of type com.kaisrtia.auth_service.entity.User
[ERROR] /C:/Users/HOANG TRUNG/Desktop/Project Github/auth-service/src/main/java/com/kaisrtia/auth_service/service/UserService.java:[51,30] cannot find symbol
[ERROR]   symbol:   method getUsername()
[ERROR]   location: variable user of type com.kaisrtia.auth_service.entity.User
[ERROR] /C:/Users/HOANG TRUNG/Desktop/Project Github/auth-service/src/main/java/com/kaisrtia/auth_service/service/UserService.java:[61,24] cannot find symbol
[ERROR]   symbol:   method getUsername()
[ERROR]   location: variable u of type com.kaisrtia.auth_service.entity.User
[ERROR] /C:/Users/HOANG TRUNG/Desktop/Project Github/auth-service/src/main/java/com/kaisrtia/auth_service/service/UserService.java:[74,29] cannot find symbol
[ERROR]   symbol:   method getUsername()
[ERROR]   location: variable request of type com.kaisrtia.auth_service.DTO.Request.UserCreationRequest
[ERROR] /C:/Users/HOANG TRUNG/Desktop/Project Github/auth-service/src/main/java/com/kaisrtia/auth_service/service/UserService.java:[75,52] cannot find symbol
[ERROR]   symbol:   method getPassword()
[ERROR]   location: variable request of type com.kaisrtia.auth_service.DTO.Request.UserCreationRequest
[ERROR] /C:/Users/HOANG TRUNG/Desktop/Project Github/auth-service/src/main/java/com/kaisrtia/auth_service/service/UserService.java:[79,30] cannot find symbol
[ERROR]   symbol:   method getUsername()
[ERROR]   location: variable user of type com.kaisrtia.auth_service.entity.User
[ERROR] /C:/Users/HOANG TRUNG/Desktop/Project Github/auth-service/src/main/java/com/kaisrtia/auth_service/controller/UserController.java:[34,12] constructor ApiResponse in class com.kaisrtia.auth_service.DTO.Response.ApiResponse<T> cannot be applied to given types;
[ERROR]   required: no arguments
[ERROR]   found:    int,java.lang.String,com.kaisrtia.auth_service.DTO.Response.UserResponse
[ERROR]   reason: actual and formal argument lists differ in length
[ERROR] /C:/Users/HOANG TRUNG/Desktop/Project Github/auth-service/src/main/java/com/kaisrtia/auth_service/controller/UserController.java:[41,12] constructor ApiResponse in class com.kaisrtia.auth_service.DTO.Response.ApiResponse<T> cannot be applied to given types;
[ERROR]   required: no arguments
[ERROR]   found:    int,java.lang.String,java.util.List<com.kaisrtia.auth_service.DTO.Response.UserResponse>
[ERROR]   reason: actual and formal argument lists differ in length
[ERROR] /C:/Users/HOANG TRUNG/Desktop/Project Github/auth-service/src/main/java/com/kaisrtia/auth_service/controller/UserController.java:[48,12] constructor ApiResponse in class com.kaisrtia.auth_service.DTO.Response.ApiResponse<T> cannot be applied to given types;
[ERROR]   required: no arguments
[ERROR]   found:    int,java.lang.String,com.kaisrtia.auth_service.DTO.Response.UserResponse
[ERROR]   reason: actual and formal argument lists differ in length
[ERROR] /C:/Users/HOANG TRUNG/Desktop/Project Github/auth-service/src/main/java/com/kaisrtia/auth_service/controller/UserController.java:[56,23] cannot find symbol
[ERROR]   symbol:   method <java.lang.String>builder()
[ERROR]   location: class com.kaisrtia.auth_service.DTO.Response.ApiResponse
[ERROR] -> [Help 1]
[ERROR] 
[ERROR] To see the full stack trace of the errors, re-run Maven with the -e switch.
[ERROR] Re-run Maven using the -X switch to enable full debug logging.
[ERROR] 
[ERROR] For more information about the errors and possible solutions, please read the following articles:
[ERROR] [Help 1] http://cwiki.apache.org/confluence/display/MAVEN/MojoFailureException
